exports[`test <RecipeDetail /> renders correctly 1`] = `
<div
  className="cb-recipe-detail">
  <div
    className="row">
    <div
      className="col-md-3 col-sm-4">
      <h3>
        Ingredience
      </h3>
      <div
        className="alert alert-info">
        Žádné ingredience.
      </div>
    </div>
    <div
      className="col-md-9 col-sm-8">
      <h3>
        Postup
      </h3>
      <div
        className="alert alert-info">
        Žádný postup.
      </div>
    </div>
  </div>
</div>
`;
